Component: ARM Compiler 5.06 update 7 (build 960) Tool: armlink [4d3601]

==============================================================================

Section Cross References

    main.o(i.xmain) refers to usart.o(i.uart_init) for uart_init
    main.o(i.xmain) refers to usart.o(i.myputstr) for myputstr
    main.o(i.xmain) refers to main.o(i.delay) for delay
    main.o(i.xmain) refers to main.o(.data) for fputstr
    usart.o(i.myputstr) refers to usart.o(i.myputchar) for myputchar
    start.o(RESET) refers to start.o(.text) for Reset_Handler
    start.o(.text) refers to main.o(i.xmain) for xmain


==============================================================================

Image Symbol Table

    Local Symbols

    Symbol Name                              Value     Ov Type        Size  Object(Section)

    app\main.c                               0x00000000   Number         0  main.o ABSOLUTE
    drv\usart\usart.c                        0x00000000   Number         0  usart.o ABSOLUTE
    startup\start.s                          0x00000000   Number         0  start.o ABSOLUTE
    RESET                                    0x20000000   Section        8  start.o(RESET)
    .text                                    0x20000008   Section       16  start.o(.text)
    i.delay                                  0x20000018   Section        0  main.o(i.delay)
    i.mygetchar                              0x20000024   Section        0  usart.o(i.mygetchar)
    i.myputchar                              0x2000003c   Section        0  usart.o(i.myputchar)
    i.myputstr                               0x20000054   Section        0  usart.o(i.myputstr)
    i.relocate_app                           0x2000006a   Section        0  main.o(i.relocate_app)
    i.uart_init                              0x20000080   Section        0  usart.o(i.uart_init)
    i.xmain                                  0x200000d0   Section        0  main.o(i.xmain)
    .data                                    0x20000138   Section      108  main.o(.data)
    global                                   0x200001a0   Data           4  main.o(.data)

    Global Symbols

    Symbol Name                              Value     Ov Type        Size  Object(Section)

    BuildAttributes$$THM_ISAv4$P$D$K$B$S$PE$A:L22UL41UL21$X:L11$S22US41US21$IEEE1$IW$USESV6$~STKCKD$USESV7$~SHL$OSPACE$EBA8$STANDARDLIB$REQ8$PRES8$EABIv2 0x00000000   Number         0  anon$$obj.o ABSOLUTE
    __Vectors                                0x20000000   Data           4  start.o(RESET)
    Reset_Handler                            0x20000009   Thumb Code     8  start.o(.text)
    delay                                    0x20000019   Thumb Code    10  main.o(i.delay)
    mygetchar                                0x20000025   Thumb Code    18  usart.o(i.mygetchar)
    myputchar                                0x2000003d   Thumb Code    18  usart.o(i.myputchar)
    myputstr                                 0x20000055   Thumb Code    22  usart.o(i.myputstr)
    relocate_app                             0x2000006b   Thumb Code    22  main.o(i.relocate_app)
    uart_init                                0x20000081   Thumb Code    68  usart.o(i.uart_init)
    xmain                                    0x200000d1   Thumb Code    46  main.o(i.xmain)
    fputstr                                  0x20000138   Data           4  main.o(.data)
    buf                                      0x2000013c   Data         100  main.o(.data)



==============================================================================

Memory Map of the image

  Image entry point : Not specified.

  Load Region LR_IROM1 (Base: 0x20000000, Size: 0x000001a4, Max: 0x00010000, ABSOLUTE)

    Execution Region ER_IROM1 (Exec base: 0x20000000, Load base: 0x20000000, Size: 0x000001a4, Max: 0x00010000, ABSOLUTE)

    Exec Addr    Load Addr    Size         Type   Attr      Idx    E Section Name        Object

    0x20000000   0x20000000   0x00000008   Data   RO           66    RESET               start.o
    0x20000008   0x20000008   0x00000010   Code   RO           67    .text               start.o
    0x20000018   0x20000018   0x0000000a   Code   RO            1    i.delay             main.o
    0x20000022   0x20000022   0x00000002   PAD
    0x20000024   0x20000024   0x00000018   Code   RO           33    i.mygetchar         usart.o
    0x2000003c   0x2000003c   0x00000018   Code   RO           34    i.myputchar         usart.o
    0x20000054   0x20000054   0x00000016   Code   RO           35    i.myputstr          usart.o
    0x2000006a   0x2000006a   0x00000016   Code   RO            2    i.relocate_app      main.o
    0x20000080   0x20000080   0x00000050   Code   RO           36    i.uart_init         usart.o
    0x200000d0   0x200000d0   0x00000068   Code   RO            3    i.xmain             main.o
    0x20000138   0x20000138   0x0000006c   Data   RW            4    .data               main.o


==============================================================================

Image component sizes


      Code (inc. data)   RO Data    RW Data    ZI Data      Debug   Object Name

       136         58          0        108          0       3529   main.o
        16          8          8          0          0        372   start.o
       150         24          0          0          0       2459   usart.o

    ----------------------------------------------------------------------
       304         90          8        108          0       6360   Object Totals
         0          0          0          0          0          0   (incl. Generated)
         2          0          0          0          0          0   (incl. Padding)

    ----------------------------------------------------------------------
         0          0          0          0          0          0   Library Totals
         0          0          0          0          0          0   (incl. Padding)

    ----------------------------------------------------------------------

==============================================================================


      Code (inc. data)   RO Data    RW Data    ZI Data      Debug   

       304         90          8        108          0       6152   Grand Totals
       304         90          8        108          0       6152   ELF Image Totals
       304         90          8        108          0          0   ROM Totals

==============================================================================

    Total RO  Size (Code + RO Data)                  312 (   0.30kB)
    Total RW  Size (RW Data + ZI Data)               108 (   0.11kB)
    Total ROM Size (Code + RO Data + RW Data)        420 (   0.41kB)

==============================================================================

