Component: ARM Compiler 5.06 update 6 (build 750) Tool: armlink [4d35ed]

==============================================================================

Section Cross References

    main.o(i.xmain) refers to usart.o(i.uart_init) for uart_init
    main.o(i.xmain) refers to usart.o(i.myputstr) for myputstr
    main.o(i.xmain) refers to main.o(i.delay) for delay
    main.o(i.xmain) refers to main.o(.data) for buf
    usart.o(i.myputstr) refers to usart.o(i.myputchar) for myputchar
    start.o(RESET) refers to start.o(.text) for Reset_Handler
    start.o(.text) refers to main.o(i.xmain) for xmain
    start.o(.text) refers to main.o(i.relocate_data) for relocate_data
    start.o(.text) refers to main.o(i.c_clear_bss) for c_clear_bss


==============================================================================

Image Symbol Table

    Local Symbols

    Symbol Name                              Value     Ov Type        Size  Object(Section)

    app\main.c                               0x00000000   Number         0  main.o ABSOLUTE
    drv\usart\usart.c                        0x00000000   Number         0  usart.o ABSOLUTE
    startup\start.s                          0x00000000   Number         0  start.o ABSOLUTE
    RESET                                    0x0800b000   Section        8  start.o(RESET)
    .text                                    0x0800b008   Section       56  start.o(.text)
    i.c_clear_bss                            0x0800b040   Section        0  main.o(i.c_clear_bss)
    i.delay                                  0x0800b052   Section        0  main.o(i.delay)
    i.mygetchar                              0x0800b05c   Section        0  usart.o(i.mygetchar)
    i.myputchar                              0x0800b074   Section        0  usart.o(i.myputchar)
    i.myputstr                               0x0800b08c   Section        0  usart.o(i.myputstr)
    i.relocate_data                          0x0800b0a2   Section        0  main.o(i.relocate_data)
    i.uart_init                              0x0800b0b8   Section        0  usart.o(i.uart_init)
    i.xmain                                  0x0800b108   Section        0  main.o(i.xmain)
    .data                                    0x20000000   Section      100  main.o(.data)

    Global Symbols

    Symbol Name                              Value     Ov Type        Size  Object(Section)

    BuildAttributes$$THM_ISAv4$P$D$K$B$S$PE$A:L22UL41UL21$X:L11$S22US41US21$IEEE1$IW$USESV6$~STKCKD$USESV7$~SHL$OSPACE$EBA8$STANDARDLIB$REQ8$PRES8$EABIv2 0x00000000   Number         0  anon$$obj.o ABSOLUTE
    Image$$RW_IRAM1$$ZI$$Length              0x00000000   Number         0  anon$$obj.o ABSOLUTE
    Image$$RW_IRAM1$$Length                  0x00000064   Number         0  anon$$obj.o ABSOLUTE
    Reset_Handler                            0x0800b009   Thumb Code     8  start.o(.text)
    relocate                                 0x0800b011   Thumb Code    10  start.o(.text)
    c_clear_bss                              0x0800b041   Thumb Code    18  main.o(i.c_clear_bss)
    delay                                    0x0800b053   Thumb Code    10  main.o(i.delay)
    mygetchar                                0x0800b05d   Thumb Code    18  usart.o(i.mygetchar)
    myputchar                                0x0800b075   Thumb Code    18  usart.o(i.myputchar)
    myputstr                                 0x0800b08d   Thumb Code    22  usart.o(i.myputstr)
    relocate_data                            0x0800b0a3   Thumb Code    22  main.o(i.relocate_data)
    uart_init                                0x0800b0b9   Thumb Code    68  usart.o(i.uart_init)
    xmain                                    0x0800b109   Thumb Code    40  main.o(i.xmain)
    Load$$RW_IRAM1$$Base                     0x0800b158   Number         0  anon$$obj.o ABSOLUTE
    Image$$RW_IRAM1$$Base                    0x20000000   Number         0  anon$$obj.o ABSOLUTE
    buf                                      0x20000000   Data         100  main.o(.data)
    Image$$RW_IRAM1$$ZI$$Base                0x20000064   Number         0  anon$$obj.o ABSOLUTE



==============================================================================

Memory Map of the image

  Image entry point : Not specified.

  Load Region LR_IROM1 (Base: 0x0800b000, Size: 0x000001bc, Max: 0x00075000, ABSOLUTE)

    Execution Region ER_IROM1 (Exec base: 0x0800b000, Load base: 0x0800b000, Size: 0x00000158, Max: 0x00075000, ABSOLUTE)

    Exec Addr    Load Addr    Size         Type   Attr      Idx    E Section Name        Object

    0x0800b000   0x0800b000   0x00000008   Data   RO           72    RESET               start.o
    0x0800b008   0x0800b008   0x00000038   Code   RO           73    .text               start.o
    0x0800b040   0x0800b040   0x00000012   Code   RO            1    i.c_clear_bss       main.o
    0x0800b052   0x0800b052   0x0000000a   Code   RO            2    i.delay             main.o
    0x0800b05c   0x0800b05c   0x00000018   Code   RO           39    i.mygetchar         usart.o
    0x0800b074   0x0800b074   0x00000018   Code   RO           40    i.myputchar         usart.o
    0x0800b08c   0x0800b08c   0x00000016   Code   RO           41    i.myputstr          usart.o
    0x0800b0a2   0x0800b0a2   0x00000016   Code   RO            3    i.relocate_data     main.o
    0x0800b0b8   0x0800b0b8   0x00000050   Code   RO           42    i.uart_init         usart.o
    0x0800b108   0x0800b108   0x00000050   Code   RO            4    i.xmain             main.o


    Execution Region RW_IRAM1 (Exec base: 0x20000000, Load base: 0x0800b158, Size: 0x00000064, Max: 0x00010000, ABSOLUTE)

    Exec Addr    Load Addr    Size         Type   Attr      Idx    E Section Name        Object

    0x20000000   0x0800b158   0x00000064   Data   RW            5    .data               main.o


==============================================================================

Image component sizes


      Code (inc. data)   RO Data    RW Data    ZI Data      Debug   Object Name

       130         40          0        100          0       3732   main.o
        56         26          8          0          0        416   start.o
       150         24          0          0          0       2259   usart.o

    ----------------------------------------------------------------------
       336         90          8        100          0       6407   Object Totals
         0          0          0          0          0          0   (incl. Generated)
         0          0          0          0          0          0   (incl. Padding)

    ----------------------------------------------------------------------
         0          0          0          0          0          0   Library Totals
         0          0          0          0          0          0   (incl. Padding)

    ----------------------------------------------------------------------

==============================================================================


      Code (inc. data)   RO Data    RW Data    ZI Data      Debug   

       336         90          8        100          0       6147   Grand Totals
       336         90          8        100          0       6147   ELF Image Totals
       336         90          8        100          0          0   ROM Totals

==============================================================================

    Total RO  Size (Code + RO Data)                  344 (   0.34kB)
    Total RW  Size (RW Data + ZI Data)               100 (   0.10kB)
    Total ROM Size (Code + RO Data + RW Data)        444 (   0.43kB)

==============================================================================

