Component: ARM Compiler 5.06 update 6 (build 750) Tool: armlink [4d35ed]

==============================================================================

Section Cross References

    main.o(i.xmain) refers to usart.o(i.uart_init) for uart_init
    main.o(i.xmain) refers to usart.o(i.myputstr) for myputstr
    main.o(i.xmain) refers to main.o(i.delay) for delay
    main.o(i.xmain) refers to main.o(.data) for fputstr
    usart.o(i.myputstr) refers to usart.o(i.myputchar) for myputchar
    start.o(RESET) refers to start.o(.text) for Reset_Handler
    start.o(.text) refers to main.o(i.relocate_app) for relocate_app
    start.o(.text) refers to main.o(i.xmain) for xmain


==============================================================================

Image Symbol Table

    Local Symbols

    Symbol Name                              Value     Ov Type        Size  Object(Section)

    app\main.c                               0x00000000   Number         0  main.o ABSOLUTE
    drv\usart\usart.c                        0x00000000   Number         0  usart.o ABSOLUTE
    startup\start.s                          0x00000000   Number         0  start.o ABSOLUTE
    RESET                                    0x20000000   Section        8  start.o(RESET)
    .text                                    0x20000008   Section       40  start.o(.text)
    i.delay                                  0x20000030   Section        0  main.o(i.delay)
    i.mygetchar                              0x2000003c   Section        0  usart.o(i.mygetchar)
    i.myputchar                              0x20000054   Section        0  usart.o(i.myputchar)
    i.myputstr                               0x2000006c   Section        0  usart.o(i.myputstr)
    i.relocate_app                           0x20000082   Section        0  main.o(i.relocate_app)
    i.uart_init                              0x20000098   Section        0  usart.o(i.uart_init)
    i.xmain                                  0x200000e8   Section        0  main.o(i.xmain)
    .data                                    0x20000150   Section      108  main.o(.data)
    global                                   0x200001b8   Data           4  main.o(.data)

    Global Symbols

    Symbol Name                              Value     Ov Type        Size  Object(Section)

    BuildAttributes$$THM_ISAv4$P$D$K$B$S$PE$A:L22UL41UL21$X:L11$S22US41US21$IEEE1$IW$USESV6$~STKCKD$USESV7$~SHL$OSPACE$EBA8$STANDARDLIB$REQ8$PRES8$EABIv2 0x00000000   Number         0  anon$$obj.o ABSOLUTE
    Image$$ER_IROM1$$Length                  0x000001bc   Number         0  anon$$obj.o ABSOLUTE
    Load$$ER_IROM1$$Base                     0x0800b000   Number         0  anon$$obj.o ABSOLUTE
    Image$$ER_IROM1$$Base                    0x20000000   Number         0  anon$$obj.o ABSOLUTE
    __Vectors                                0x20000000   Data           4  start.o(RESET)
    Reset_Handler                            0x20000009   Thumb Code    18  start.o(.text)
    delay                                    0x20000031   Thumb Code    10  main.o(i.delay)
    mygetchar                                0x2000003d   Thumb Code    18  usart.o(i.mygetchar)
    myputchar                                0x20000055   Thumb Code    18  usart.o(i.myputchar)
    myputstr                                 0x2000006d   Thumb Code    22  usart.o(i.myputstr)
    relocate_app                             0x20000083   Thumb Code    22  main.o(i.relocate_app)
    uart_init                                0x20000099   Thumb Code    68  usart.o(i.uart_init)
    xmain                                    0x200000e9   Thumb Code    46  main.o(i.xmain)
    fputstr                                  0x20000150   Data           4  main.o(.data)
    buf                                      0x20000154   Data         100  main.o(.data)



==============================================================================

Memory Map of the image

  Image entry point : Not specified.

  Load Region LR_IROM1 (Base: 0x0800b000, Size: 0x000001bc, Max: 0x00075000, ABSOLUTE)

    Execution Region ER_IROM1 (Exec base: 0x20000000, Load base: 0x0800b000, Size: 0x000001bc, Max: 0x00010000, ABSOLUTE)

    Exec Addr    Load Addr    Size         Type   Attr      Idx    E Section Name        Object

    0x20000000   0x0800b000   0x00000008   Data   RO           66    RESET               start.o
    0x20000008   0x0800b008   0x00000028   Code   RO           67    .text               start.o
    0x20000030   0x0800b030   0x0000000a   Code   RO            1    i.delay             main.o
    0x2000003a   0x0800b03a   0x00000002   PAD
    0x2000003c   0x0800b03c   0x00000018   Code   RO           33    i.mygetchar         usart.o
    0x20000054   0x0800b054   0x00000018   Code   RO           34    i.myputchar         usart.o
    0x2000006c   0x0800b06c   0x00000016   Code   RO           35    i.myputstr          usart.o
    0x20000082   0x0800b082   0x00000016   Code   RO            2    i.relocate_app      main.o
    0x20000098   0x0800b098   0x00000050   Code   RO           36    i.uart_init         usart.o
    0x200000e8   0x0800b0e8   0x00000068   Code   RO            3    i.xmain             main.o
    0x20000150   0x0800b150   0x0000006c   Data   RW            4    .data               main.o


==============================================================================

Image component sizes


      Code (inc. data)   RO Data    RW Data    ZI Data      Debug   Object Name

       136         58          0        108          0       3441   main.o
        40         22          8          0          0        360   start.o
       150         24          0          0          0       2363   usart.o

    ----------------------------------------------------------------------
       328        104          8        108          0       6164   Object Totals
         0          0          0          0          0          0   (incl. Generated)
         2          0          0          0          0          0   (incl. Padding)

    ----------------------------------------------------------------------
         0          0          0          0          0          0   Library Totals
         0          0          0          0          0          0   (incl. Padding)

    ----------------------------------------------------------------------

==============================================================================


      Code (inc. data)   RO Data    RW Data    ZI Data      Debug   

       328        104          8        108          0       5956   Grand Totals
       328        104          8        108          0       5956   ELF Image Totals
       328        104          8        108          0          0   ROM Totals

==============================================================================

    Total RO  Size (Code + RO Data)                  336 (   0.33kB)
    Total RW  Size (RW Data + ZI Data)               108 (   0.11kB)
    Total ROM Size (Code + RO Data + RW Data)        444 (   0.43kB)

==============================================================================

