Component: ARM Compiler 5.06 update 6 (build 750) Tool: armlink [4d35ed]

==============================================================================

Section Cross References

    main.o(i.xmain) refers to usart.o(i.uart_init) for uart_init
    main.o(i.xmain) refers to usart.o(i.myputstr) for myputstr
    main.o(i.xmain) refers to main.o(i.delay) for delay
    main.o(i.xmain) refers to main.o(.data) for buf
    usart.o(i.myputstr) refers to usart.o(i.myputchar) for myputchar
    start.o(RESET) refers to start.o(.text) for Reset_Handler
    start.o(.text) refers to main.o(i.c_relocate_data) for c_relocate_data
    start.o(.text) refers to main.o(i.c_clear_bss) for c_clear_bss
    start.o(.text) refers to main.o(i.xmain) for xmain


==============================================================================

Image Symbol Table

    Local Symbols

    Symbol Name                              Value     Ov Type        Size  Object(Section)

    app\main.c                               0x00000000   Number         0  main.o ABSOLUTE
    drv\usart\usart.c                        0x00000000   Number         0  usart.o ABSOLUTE
    startup\start.s                          0x00000000   Number         0  start.o ABSOLUTE
    RESET                                    0x0800b000   Section        8  start.o(RESET)
    .text                                    0x0800b008   Section       96  start.o(.text)
    i.c_clear_bss                            0x0800b068   Section        0  main.o(i.c_clear_bss)
    i.c_relocate_data                        0x0800b07a   Section        0  main.o(i.c_relocate_data)
    i.delay                                  0x0800b090   Section        0  main.o(i.delay)
    i.mygetchar                              0x0800b09c   Section        0  usart.o(i.mygetchar)
    i.myputchar                              0x0800b0b4   Section        0  usart.o(i.myputchar)
    i.myputstr                               0x0800b0cc   Section        0  usart.o(i.myputstr)
    i.relocate_app                           0x0800b0e2   Section        0  main.o(i.relocate_app)
    i.uart_init                              0x0800b0f8   Section        0  usart.o(i.uart_init)
    i.xmain                                  0x0800b148   Section        0  main.o(i.xmain)
    .data                                    0x20000000   Section      104  main.o(.data)
    global                                   0x20000064   Data           4  main.o(.data)

    Global Symbols

    Symbol Name                              Value     Ov Type        Size  Object(Section)

    BuildAttributes$$THM_ISAv4$P$D$K$B$S$PE$A:L22UL41UL21$X:L11$S22US41US21$IEEE1$IW$USESV6$~STKCKD$USESV7$~SHL$OSPACE$EBA8$STANDARDLIB$REQ8$PRES8$EABIv2 0x00000000   Number         0  anon$$obj.o ABSOLUTE
    Image$$RW_IRAM1$$ZI$$Length              0x00000000   Number         0  anon$$obj.o ABSOLUTE
    Image$$RW_IRAM1$$RW$$Length              0x00000068   Number         0  anon$$obj.o ABSOLUTE
    __Vectors                                0x0800b000   Data           4  start.o(RESET)
    Reset_Handler                            0x0800b009   Thumb Code    30  start.o(.text)
    c_clear_bss                              0x0800b069   Thumb Code    18  main.o(i.c_clear_bss)
    c_relocate_data                          0x0800b07b   Thumb Code    22  main.o(i.c_relocate_data)
    delay                                    0x0800b091   Thumb Code    10  main.o(i.delay)
    mygetchar                                0x0800b09d   Thumb Code    18  usart.o(i.mygetchar)
    myputchar                                0x0800b0b5   Thumb Code    18  usart.o(i.myputchar)
    myputstr                                 0x0800b0cd   Thumb Code    22  usart.o(i.myputstr)
    relocate_app                             0x0800b0e3   Thumb Code    22  main.o(i.relocate_app)
    uart_init                                0x0800b0f9   Thumb Code    68  usart.o(i.uart_init)
    xmain                                    0x0800b149   Thumb Code    38  main.o(i.xmain)
    Load$$RW_IRAM1$$RW$$Base                 0x0800b19c   Number         0  anon$$obj.o ABSOLUTE
    Image$$RW_IRAM1$$RW$$Base                0x20000000   Number         0  anon$$obj.o ABSOLUTE
    buf                                      0x20000000   Data         100  main.o(.data)
    Image$$RW_IRAM1$$ZI$$Base                0x20000068   Number         0  anon$$obj.o ABSOLUTE



==============================================================================

Memory Map of the image

  Image entry point : Not specified.

  Load Region LR_IROM1 (Base: 0x0800b000, Size: 0x00000204, Max: 0x00075000, ABSOLUTE)

    Execution Region ER_IROM1 (Exec base: 0x0800b000, Load base: 0x0800b000, Size: 0x0000019c, Max: 0x00075000, ABSOLUTE)

    Exec Addr    Load Addr    Size         Type   Attr      Idx    E Section Name        Object

    0x0800b000   0x0800b000   0x00000008   Data   RO           78    RESET               start.o
    0x0800b008   0x0800b008   0x00000060   Code   RO           79    .text               start.o
    0x0800b068   0x0800b068   0x00000012   Code   RO            1    i.c_clear_bss       main.o
    0x0800b07a   0x0800b07a   0x00000016   Code   RO            2    i.c_relocate_data   main.o
    0x0800b090   0x0800b090   0x0000000a   Code   RO            3    i.delay             main.o
    0x0800b09a   0x0800b09a   0x00000002   PAD
    0x0800b09c   0x0800b09c   0x00000018   Code   RO           45    i.mygetchar         usart.o
    0x0800b0b4   0x0800b0b4   0x00000018   Code   RO           46    i.myputchar         usart.o
    0x0800b0cc   0x0800b0cc   0x00000016   Code   RO           47    i.myputstr          usart.o
    0x0800b0e2   0x0800b0e2   0x00000016   Code   RO            4    i.relocate_app      main.o
    0x0800b0f8   0x0800b0f8   0x00000050   Code   RO           48    i.uart_init         usart.o
    0x0800b148   0x0800b148   0x00000054   Code   RO            5    i.xmain             main.o


    Execution Region RW_IRAM1 (Exec base: 0x20000000, Load base: 0x0800b19c, Size: 0x00000068, Max: 0x00010000, ABSOLUTE)

    Exec Addr    Load Addr    Size         Type   Attr      Idx    E Section Name        Object

    0x20000000   0x0800b19c   0x00000068   Data   RW            6    .data               main.o


==============================================================================

Image component sizes


      Code (inc. data)   RO Data    RW Data    ZI Data      Debug   Object Name

       156         46          0        104          0       4349   main.o
        96         44          8          0          0        436   start.o
       150         24          0          0          0       2299   usart.o

    ----------------------------------------------------------------------
       404        114          8        104          0       7084   Object Totals
         0          0          0          0          0          0   (incl. Generated)
         2          0          0          0          0          0   (incl. Padding)

    ----------------------------------------------------------------------
         0          0          0          0          0          0   Library Totals
         0          0          0          0          0          0   (incl. Padding)

    ----------------------------------------------------------------------

==============================================================================


      Code (inc. data)   RO Data    RW Data    ZI Data      Debug   

       404        114          8        104          0       6772   Grand Totals
       404        114          8        104          0       6772   ELF Image Totals
       404        114          8        104          0          0   ROM Totals

==============================================================================

    Total RO  Size (Code + RO Data)                  412 (   0.40kB)
    Total RW  Size (RW Data + ZI Data)               104 (   0.10kB)
    Total ROM Size (Code + RO Data + RW Data)        516 (   0.50kB)

==============================================================================

